main.c:692:13:MX_GPIO_Init	88	static
main.c:122:6:HAL_TIM_IC_CaptureCallback	16	static
main.c:145:6:SYS_MicroDelay	8	static
main.c:348:6:HAL_SYSTICK_Callback	0	static
main.c:846:6:HAL_GPIO_EXTI_Callback	8	static
stdio.h:214:5:fputc	16	static
main.c:949:6:_Error_Handler	16	static
main.c:451:13:MX_I2C1_Init	8	static
main.c:485:13:MX_SPI1_Init	8	static
main.c:557:13:MX_TIM2_Init	40	static
main.c:644:13:MX_USART2_UART_Init	40	static
main.c:601:13:MX_TIM3_Init	40	static
main.c:428:13:MX_CAN_Init	8	static
main.c:511:13:MX_TIM1_Init	40	static
main.c:370:6:SystemClock_Config	128	static
main.c:866:6:CAN_FilterConfig	48	static
main.c:887:6:CAN_Send	8	static
main.c:160:5:main	152	static
main.c:913:5:CAN_read	8	static
