stm32f3xx_hal_msp.c:49:6:HAL_MspInit	16	static
stm32f3xx_hal_msp.c:80:6:HAL_CAN_MspInit	32	static
stm32f3xx_hal_msp.c:110:6:HAL_CAN_MspDeInit	8	static
stm32f3xx_hal_msp.c:134:6:HAL_I2C_MspInit	32	static
stm32f3xx_hal_msp.c:164:6:HAL_I2C_MspDeInit	8	static
stm32f3xx_hal_msp.c:188:6:HAL_SPI_MspInit	32	static
stm32f3xx_hal_msp.c:219:6:HAL_SPI_MspDeInit	8	static
stm32f3xx_hal_msp.c:244:6:HAL_TIM_IC_MspInit	40	static
stm32f3xx_hal_msp.c:326:6:HAL_TIM_IC_MspDeInit	8	static
stm32f3xx_hal_msp.c:389:6:HAL_UART_MspInit	32	static
stm32f3xx_hal_msp.c:422:6:HAL_UART_MspDeInit	8	static
