stm32f3xx_ll_utils.c:416:20:UTILS_SetFlashLatency	0	static
stm32f3xx_ll_utils.c:490:20:UTILS_PLL_IsBusy	0	static
stm32f3xx_ll_utils.c:464:17:UTILS_GetPLLOutputFrequency	0	static
stm32f3xx_ll_utils.c:167:6:LL_Init1msTick	0	static
stm32f3xx_ll_utils.c:183:6:LL_mDelay	8	static
stm32f3xx_ll_utils.c:241:6:LL_SetSystemCoreClock	0	static
stm32f3xx_ll_utils.c:513:20:UTILS_EnablePLLAndSwitchSystem	24	static
stm32f3xx_ll_utils.c:264:13:LL_PLL_ConfigSystemClock_HSI	16	static
stm32f3xx_ll_utils.c:333:13:LL_PLL_ConfigSystemClock_HSE	24	static
