stm32f3xx_ll_tim.c:883:20:OC1Config	8	static
stm32f3xx_ll_tim.c:962:20:OC2Config	8	static
stm32f3xx_ll_tim.c:1044:20:OC3Config	8	static
stm32f3xx_ll_tim.c:1126:20:OC4Config	8	static
stm32f3xx_ll_tim.c:1201:20:OC5Config	8	static
stm32f3xx_ll_tim.c:1263:20:OC6Config	8	static
stm32f3xx_ll_tim.c:1324:20:IC1Config	4	static
stm32f3xx_ll_tim.c:1357:20:IC2Config	4	static
stm32f3xx_ll_tim.c:1390:20:IC3Config	4	static
stm32f3xx_ll_tim.c:1423:20:IC4Config	4	static
stm32f3xx_ll_tim.c:252:13:LL_TIM_DeInit	0	static
stm32f3xx_ll_tim.c:393:6:LL_TIM_StructInit	0	static
stm32f3xx_ll_tim.c:411:13:LL_TIM_Init	0	static
stm32f3xx_ll_tim.c:462:6:LL_TIM_OC_StructInit	0	static
stm32f3xx_ll_tim.c:491:13:LL_TIM_OC_Init	8	static
stm32f3xx_ll_tim.c:530:6:LL_TIM_IC_StructInit	0	static
stm32f3xx_ll_tim.c:552:13:LL_TIM_IC_Init	8	static
stm32f3xx_ll_tim.c:582:6:LL_TIM_ENCODER_StructInit	0	static
stm32f3xx_ll_tim.c:604:13:LL_TIM_ENCODER_Init	4	static
stm32f3xx_ll_tim.c:667:6:LL_TIM_HALLSENSOR_StructInit	0	static
stm32f3xx_ll_tim.c:696:13:LL_TIM_HALLSENSOR_Init	12	static
stm32f3xx_ll_tim.c:775:6:LL_TIM_BDTR_StructInit	0	static
stm32f3xx_ll_tim.c:811:13:LL_TIM_BDTR_Init	0	static
